20 756 BTCUSDT-1m-2023-04.zip verified 
40 756 BTCUSDT-1m-2025-06.zip verified 
60 756 BTCUSDT-fundingRate-2021-10.zip verified 
80 756 BTCUSDT-fundingRate-2022-07.zip verified 
100 756 BTCUSDT-fundingRate-2024-02.zip verified 
120 756 BTCUSDT-fundingRate-2026-09.zip verified 
140 756 ETHUSDT-1m-2022-03.zip verified 
160 756 ETHUSDT-1m-2025-01.zip verified 
180 756 ETHUSDT-1m-2025-11.zip verified 
200 756 ETHUSDT-fundingRate-2022-05.zip verified 
220 756 ETHUSDT-fundingRate-2023-04.zip verified 
240 756 ETHUSDT-fundingRate-2025-11.zip verified 
260 756 BNBUSDT-1m-2022-08.zip verified 
280 756 BNBUSDT-1m-2023-02.zip verified 
300 756 BNBUSDT-1m-2024-07.zip verified 
320 756 BNBUSDT-fundingRate-2022-05.zip verified 
340 756 BNBUSDT-fundingRate-2023-09.zip verified 
360 756 BNBUSDT-fundingRate-2025-07.zip verified 
380 756 SOLUSDT-1m-2021-10.zip verified 
400 756 SOLUSDT-1m-2023-09.zip verified 
420 756 SOLUSDT-1m-2024-10.zip verified 
440 756 SOLUSDT-1m-2026-03.zip verified 
460 756 SOLUSDT-fundingRate-2022-06.zip verified 
480 756 SOLUSDT-fundingRate-2025-09.zip verified 
500 756 SOLUSDT-fundingRate-2026-04.zip verified 
520 756 XRPUSDT-1m-2022-08.zip verified 
540 756 XRPUSDT-1m-2023-11.zip verified 
560 756 XRPUSDT-1m-2026-10-02.zip verified 
580 756 XRPUSDT-fundingRate-2022-10.zip verified 
600 756 XRPUSDT-fundingRate-2023-09.zip verified 
620 756 XRPUSDT-fundingRate-2026-01.zip verified 
640 756 ADAUSDT-1m-2022-09.zip verified 
660 756 ADAUSDT-1m-2024-05.zip verified 
680 756 ADAUSDT-1m-2025-11.zip verified 
700 756 ADAUSDT-1m-2026-08.zip verified 
720 756 ADAUSDT-fundingRate-2024-11.zip verified 
740 756 ADAUSDT-fundingRate-2025-11.zip verified 
DONE 756 failures 0
