1 full net 2984.14 DD 7.1
1 train net 2773.88 DD 5.8
1 oos net 163.82 DD 7.09
2 full net 6432.96 DD 13.61
2 train net 6021.14 DD 11.01
2 oos net 255.61 DD 13.6
3 full net 10299.07 DD 19.6
3 train net 9746.25 DD 15.73
3 oos net 280.83 DD 19.59
4 full net 13727.29 DD 25.39
4 train net 12374.3 DD 20.21
4 oos net 605.75 DD 25.39
5 full net 7580.09 DD 32.89
5 train net 3937.07 DD 25.07
5 oos net 2673.96 DD 32.89
6 full net 18112.33 DD 38.87
6 train net 9298.14 DD 30.77
6 oos net 4634.96 DD 38.87
7 full net 10184.16 DD 37.62
7 train net 3227.03 DD 31.92
7 oos net 5358.05 DD 37.62
8 full net 26676.6 DD 43.89
8 train net 10340.59 DD 38.71
8 oos net 8146.95 DD 43.89
9 full net 5837.54 DD 54.63
9 train net 746.2 DD 44.47
9 oos net 4882.16 DD 54.62
10 full net 23464.13 DD 62.69
10 train net 9898.76 DD 51.22
10 oos net 6980.95 DD 62.69
11 full net 2640.7 DD 10.04
11 train net 2300.97 DD 6.28
11 oos net 303.06 DD 8.6
12 full net 5461.28 DD 19.14
12 train net 4809.13 DD 11.97
12 oos net 497.58 DD 16.47
13 full net 8363.09 DD 27.41
13 train net 7487.76 DD 17.17
13 oos net 584.58 DD 23.69
14 full net 10015.15 DD 40.48
14 train net 9054.58 DD 21.96
14 oos net 505.21 DD 32.51
15 full net 28445.04 DD 34.71
15 train net 28679.3 DD 25.01
15 oos net 89.91 DD 34.71
16 full net 26807.98 DD 38.73
16 train net 25602.67 DD 31.37
16 oos net 494.27 DD 38.73
17 full net 35359.84 DD 42.18
17 train net 41248.73 DD 30.98
17 oos net -198.07 DD 42.17
18 full net 21941.46 DD 49.11
18 train net 27484.28 DD 38.23
18 oos net -416.91 DD 49.11
19 full net 44761.16 DD 54.11
19 train net 60759.31 DD 44.14
19 oos net -969.25 DD 54.1
20 full net 25457.56 DD 64.59
20 train net 47009.6 DD 51.04
20 oos net -2659.43 DD 63.29
21 full net 2524.11 DD 7.06
21 train net 2412.43 DD 6.32
21 oos net 86.82 DD 6.47
22 full net 5238.61 DD 13.65
22 train net 5094.47 DD 12.29
22 oos net 95.89 DD 12.56
23 full net 7285.12 DD 19.77
23 train net 7237.05 DD 19.58
23 oos net 28.42 DD 18.29
24 full net 11967.58 DD 27.46
24 train net 11338.92 DD 27.46
24 oos net 294.13 DD 23.96
25 full net 8729.34 DD 37.4
25 train net 5560.02 DD 24.0
25 oos net 2149.4 DD 37.41
26 full net 20976.79 DD 39.86
26 train net 11780.19 DD 27.22
26 oos net 4357.38 DD 39.86
27 full net 13978.54 DD 43.79
27 train net 7462.05 DD 38.69
27 oos net 3905.44 DD 43.8
28 full net 23529.37 DD 49.04
28 train net 11485.45 DD 37.43
28 oos net 5805.51 DD 49.04
29 full net 9461.5 DD 61.3
29 train net 7597.34 DD 52.73
29 oos net 1275.62 DD 61.3
30 full net 18317.89 DD 65.4
30 train net 12870.51 DD 54.13
30 oos net 2624.66 DD 65.4
31 full net 2413.41 DD 5.84
31 train net 1834.26 DD 5.26
31 oos net 489.28 DD 5.29
32 full net 5060.67 DD 11.5
32 train net 3812.1 DD 10.27
32 oos net 902.18 DD 10.2
33 full net 7882.42 DD 16.94
33 train net 5914.92 DD 15.03
33 oos net 1235.93 DD 14.86
34 full net 10914.71 DD 19.55
34 train net 6920.93 DD 19.55
34 oos net 2357.33 DD 19.02
35 full net 12434.11 DD 32.97
35 train net 7550.32 DD 18.43
35 oos net 2912.41 DD 32.97
36 full net 22359.36 DD 35.88
36 train net 11566.58 DD 21.19
36 oos net 5158.38 DD 35.89
37 full net 19682.08 DD 42.13
37 train net 11809.9 DD 23.42
37 oos net 3796.71 DD 42.13
38 full net 33027.24 DD 42.6
38 train net 15226.0 DD 28.98
38 oos net 7289.36 DD 42.6
39 full net 24550.11 DD 51.64
39 train net 12994.46 DD 36.55
39 oos net 5747.99 DD 51.64
40 full net 48738.11 DD 53.97
40 train net 21160.8 DD 38.36
40 oos net 9753.6 DD 53.97
WINNER None
