{
 "T1": {
  "ALL20": {
   "full": {
    "cagr": 21.987942806932104,
    "dd": 34.03219731446873,
    "calmar": 0.6460923637623588,
    "roots": 1786
   },
   "H1": {
    "cagr": 11.910844973780055,
    "dd": 34.03219731446873,
    "calmar": 0.34998753867462384,
    "roots": 788
   },
   "H2": {
    "cagr": 35.15448563789547,
    "dd": 22.181446930384578,
    "calmar": 1.5848598943173617,
    "roots": 674
   },
   "Y2026": {
    "cagr": 23.11967609581933,
    "dd": 25.402941216288998,
    "calmar": 0.910118080381748,
    "roots": 326
   }
  },
  "TOP10": {
   "full": {
    "cagr": 24.078664337866872,
    "dd": 29.993823170186417,
    "calmar": 0.8027874339741005,
    "roots": 1397
   },
   "H1": {
    "cagr": 21.440870853331194,
    "dd": 29.993823170186417,
    "calmar": 0.7148428772042379,
    "roots": 572
   },
   "H2": {
    "cagr": 25.135761817882152,
    "dd": 17.976828565357497,
    "calmar": 1.3982311577649675,
    "roots": 557
   },
   "Y2026": {
    "cagr": 30.486352494399082,
    "dd": 26.442524204598882,
    "calmar": 1.1529289813071968,
    "roots": 268
   }
  },
  "BOT10": {
   "full": {
    "cagr": 10.29368081767661,
    "dd": 32.34905953350164,
    "calmar": 0.31820649397909606,
    "roots": 1467
   },
   "H1": {
    "cagr": 9.48001756599992,
    "dd": 30.085360732512818,
    "calmar": 0.315104001919279,
    "roots": 652
   },
   "H2": {
    "cagr": 20.94154556314658,
    "dd": 17.58103627602024,
    "calmar": 1.1911439823208787,
    "roots": 538
   },
   "Y2026": {
    "cagr": -11.861377949937479,
    "dd": 28.641825726436938,
    "calmar": -0.4141278584412727,
    "roots": 278
   }
  }
 },
 "T1_90d": {
  "ALL20": {
   "full": {
    "cagr": 21.987942806932104,
    "dd": 34.03219731446873,
    "calmar": 0.6460923637623588,
    "roots": 1786
   },
   "H1": {
    "cagr": 11.910844973780055,
    "dd": 34.03219731446873,
    "calmar": 0.34998753867462384,
    "roots": 788
   },
   "H2": {
    "cagr": 35.15448563789547,
    "dd": 22.181446930384578,
    "calmar": 1.5848598943173617,
    "roots": 674
   },
   "Y2026": {
    "cagr": 23.11967609581933,
    "dd": 25.402941216288998,
    "calmar": 0.910118080381748,
    "roots": 326
   }
  },
  "TOP10": {
   "full": {
    "cagr": 16.736022784226236,
    "dd": 30.76343077434221,
    "calmar": 0.5440232887869149,
    "roots": 1424
   },
   "H1": {
    "cagr": 15.580435970732932,
    "dd": 30.76343077434221,
    "calmar": 0.5064596366061865,
    "roots": 579
   },
   "H2": {
    "cagr": 15.249338405034042,
    "dd": 19.319605655003993,
    "calmar": 0.7893193410541635,
    "roots": 571
   },
   "Y2026": {
    "cagr": 25.512247976017278,
    "dd": 28.353357816606138,
    "calmar": 0.8997963536112514,
    "roots": 274
   }
  },
  "BOT10": {
   "full": {
    "cagr": 23.786416429675604,
    "dd": 28.83370507922963,
    "calmar": 0.8249517834879346,
    "roots": 1409
   },
   "H1": {
    "cagr": 31.980883796837034,
    "dd": 27.116712897236344,
    "calmar": 1.1793790758501719,
    "roots": 617
   },
   "H2": {
    "cagr": 27.100400731828977,
    "dd": 18.26739948891859,
    "calmar": 1.4835390635798316,
    "roots": 521
   },
   "Y2026": {
    "cagr": -4.7409861231525685,
    "dd": 25.494972422425754,
    "calmar": -0.18595768783739994,
    "roots": 272
   }
  }
 },
 "T1_null": {
  "p10": 0.31111556396290485,
  "p50": 0.5964121860394642,
  "p90": 1.1363231390376305,
  "top10_percentile": 78.0
 },
 "T1_checks": {
  "top_gt_bot": true,
  "top_gt_all": true,
  "subperiods_won": 3,
  "top_ge_p90": false
 },
 "T1_pass": false,
 "T2_U20": {
  "rho": -0.11578947368421053,
  "p_one_sided": 0.3069
 },
 "T2_ALL25": {
  "rho": -0.5384615384615384,
  "p_one_sided": 0.002
 },
 "T2_pass": false,
 "T3": {
  "ALL25": {
   "full": {
    "cagr": 19.586036796016803,
    "dd": 29.4919198703738,
    "calmar": 0.6641153537003882,
    "roots": 1975
   },
   "H1": {
    "cagr": -0.5353487977967752,
    "dd": 29.4919198703738,
    "calmar": -0.018152388862773275,
    "roots": 881
   },
   "H2": {
    "cagr": 42.98107722454394,
    "dd": 21.289629023158138,
    "calmar": 2.018873939878923,
    "roots": 768
   },
   "Y2026": {
    "cagr": 31.476955081128732,
    "dd": 25.475957618107454,
    "calmar": 1.2355553244740827,
    "roots": 329
   }
  },
  "TOP5": {
   "full": {
    "cagr": 32.79798623678107,
    "dd": 29.6641613567295,
    "calmar": 1.1056434679667977,
    "roots": 1208
   },
   "H1": {
    "cagr": 12.33669933224515,
    "dd": 23.650803626823187,
    "calmar": 0.5216186108049908,
    "roots": 477
   },
   "H2": {
    "cagr": 51.32393631994947,
    "dd": 18.068076715594692,
    "calmar": 2.8405865841631828,
    "roots": 506
   },
   "Y2026": {
    "cagr": 53.10542448397124,
    "dd": 29.657914049045797,
    "calmar": 1.790598772258558,
    "roots": 226
   }
  },
  "TOP8": {
   "full": {
    "cagr": 39.48974632096094,
    "dd": 27.323530797169106,
    "calmar": 1.4452651311466793,
    "roots": 1451
   },
   "H1": {
    "cagr": 18.20291016770723,
    "dd": 24.337871343557193,
    "calmar": 0.74792531814932,
    "roots": 620
   },
   "H2": {
    "cagr": 76.32712103738525,
    "dd": 17.71572644087763,
    "calmar": 4.308438679729581,
    "roots": 567
   },
   "Y2026": {
    "cagr": 22.631750330144595,
    "dd": 27.317896194098445,
    "calmar": 0.8284587571949918,
    "roots": 265
   }
  },
  "TOP10": {
   "full": {
    "cagr": 40.75453610050212,
    "dd": 30.127491443595684,
    "calmar": 1.3527357953715549,
    "roots": 1562
   },
   "H1": {
    "cagr": 31.257754037376763,
    "dd": 28.108297895777145,
    "calmar": 1.1120472023342536,
    "roots": 670
   },
   "H2": {
    "cagr": 64.94288661760417,
    "dd": 17.76026330385033,
    "calmar": 3.6566398541808165,
    "roots": 610
   },
   "Y2026": {
    "cagr": 14.855938528009748,
    "dd": 30.122124119881722,
    "calmar": 0.4931902700116781,
    "roots": 283
   }
  }
 }
}
BTCUSDT        rank   1.1  calmar   0.69  cagr    6.2  dd   9.0
ETHUSDT        rank   1.9  calmar   1.06  cagr    9.6  dd   9.1
SOLUSDT        rank   3.4  calmar   1.03  cagr    8.4  dd   8.1
XRPUSDT        rank   5.0  calmar   0.67  cagr    9.1  dd  13.5
DOGEUSDT       rank   5.9  calmar   0.56  cagr   10.4  dd  18.5
ADAUSDT        rank   7.7  calmar   0.70  cagr    7.7  dd  11.1
AVAXUSDT       rank   8.4  calmar   0.27  cagr    3.5  dd  12.7
LINKUSDT       rank   9.2  calmar   0.34  cagr    4.0  dd  11.7
LTCUSDT        rank  10.9  calmar  -0.01  cagr   -0.2  dd  17.1
1000SHIBUSDT   rank  11.0  calmar  -0.00  cagr   -0.0  dd  14.8
NEARUSDT       rank  11.8  calmar   0.41  cagr    3.8  dd   9.2
DOTUSDT        rank  12.2  calmar   0.06  cagr    0.9  dd  15.8
FILUSDT        rank  12.4  calmar   0.22  cagr    2.5  dd  11.5
BCHUSDT        rank  13.2  calmar   0.45  cagr    8.5  dd  18.8
ETCUSDT        rank  14.0  calmar   0.27  cagr    3.8  dd  14.0
ATOMUSDT       rank  16.0  calmar   0.29  cagr    2.7  dd   9.4
UNIUSDT        rank  16.1  calmar   0.42  cagr    3.2  dd   7.7
TRXUSDT        rank  16.7  calmar  -0.03  cagr   -0.7  dd  23.3
AXSUSDT        rank  17.2  calmar   0.44  cagr    3.8  dd   8.7
ALGOUSDT       rank  19.6  calmar   0.67  cagr    6.2  dd   9.2
SUSHIUSDT      rank  20.3  calmar   0.15  cagr    1.5  dd  10.5
XTZUSDT        rank  21.7  calmar   0.03  cagr    0.3  dd   9.4
ALICEUSDT      rank  22.1  calmar  -0.05  cagr   -0.6  dd  11.9
C98USDT        rank  23.2  calmar   0.44  cagr    3.0  dd   6.9
CELRUSDT       rank  24.1  calmar   0.12  cagr    1.3  dd  10.8
