1 ICHI_BREAKOUT__SINGLE__standard__KUMO_CROSS__CLOSE_TRAIL__KIJUN__KIJUN 99 -181.27 eligible False
2 ICHI_BREAKOUT__SINGLE__standard__KUMO_CROSS__HARD3__KIJUN__KIJUN 72 358.34 eligible False
3 ICHI_BREAKOUT__SINGLE__standard__KUMO_CROSS__HARD4__KIJUN__KIJUN 60 239.75 eligible False
4 ICHI_BREAKOUT__SINGLE__standard__TENKAN_RECLAIM__CLOSE_TRAIL__KIJUN__KIJUN 220 -424.67 eligible False
5 ICHI_BREAKOUT__SINGLE__standard__TENKAN_RECLAIM__HARD3__KIJUN__KIJUN 127 -219.26 eligible False
6 ICHI_BREAKOUT__SINGLE__standard__TENKAN_RECLAIM__HARD4__KIJUN__KIJUN 92 -758.98 eligible False
7 ICHI_BREAKOUT__SINGLE__crypto__KUMO_CROSS__CLOSE_TRAIL__KIJUN__KIJUN 27 346.21 eligible False
8 ICHI_BREAKOUT__SINGLE__crypto__KUMO_CROSS__HARD3__KIJUN__KIJUN 26 205.34 eligible False
9 ICHI_BREAKOUT__SINGLE__crypto__KUMO_CROSS__HARD4__KIJUN__KIJUN 25 -311.36 eligible False
10 ICHI_BREAKOUT__SINGLE__crypto__TENKAN_RECLAIM__CLOSE_TRAIL__KIJUN__KIJUN 106 -546.07 eligible False
11 ICHI_BREAKOUT__SINGLE__crypto__TENKAN_RECLAIM__HARD3__KIJUN__KIJUN 44 -396.74 eligible False
12 ICHI_BREAKOUT__SINGLE__crypto__TENKAN_RECLAIM__HARD4__KIJUN__KIJUN 34 277.96 eligible False
13 ICHI_BREAKOUT__MTF__standard__KUMO_CROSS__CLOSE_TRAIL__KIJUN__KIJUN 80 -342.87 eligible False
14 ICHI_BREAKOUT__MTF__standard__KUMO_CROSS__HARD3__KIJUN__KIJUN 78 -575.02 eligible False
15 ICHI_BREAKOUT__MTF__standard__KUMO_CROSS__HARD4__KIJUN__KIJUN 75 -1189.73 eligible False
16 ICHI_BREAKOUT__MTF__standard__TENKAN_RECLAIM__CLOSE_TRAIL__KIJUN__KIJUN 391 -562.74 eligible False
17 ICHI_BREAKOUT__MTF__standard__TENKAN_RECLAIM__HARD3__KIJUN__KIJUN 292 -1739.33 eligible False
18 ICHI_BREAKOUT__MTF__standard__TENKAN_RECLAIM__HARD4__KIJUN__KIJUN 276 -1213.0 eligible False
19 ICHI_BREAKOUT__MTF__crypto__KUMO_CROSS__CLOSE_TRAIL__KIJUN__KIJUN 24 -216.35 eligible False
20 ICHI_BREAKOUT__MTF__crypto__KUMO_CROSS__HARD3__KIJUN__KIJUN 24 -282.64 eligible False
21 ICHI_BREAKOUT__MTF__crypto__KUMO_CROSS__HARD4__KIJUN__KIJUN 24 -278.69 eligible False
22 ICHI_BREAKOUT__MTF__crypto__TENKAN_RECLAIM__CLOSE_TRAIL__KIJUN__KIJUN 229 706.99 eligible False
23 ICHI_BREAKOUT__MTF__crypto__TENKAN_RECLAIM__HARD3__KIJUN__KIJUN 166 284.66 eligible False
24 ICHI_BREAKOUT__MTF__crypto__TENKAN_RECLAIM__HARD4__KIJUN__KIJUN 152 -685.57 eligible False
25 ICHI_PULLBACK__SINGLE__standard__MARKET__CLOSE_TRAIL__KIJUN__KIJUN 355 -1903.59 eligible False
26 ICHI_PULLBACK__SINGLE__standard__MARKET__HARD3__KIJUN__KIJUN 206 -558.57 eligible False
27 ICHI_PULLBACK__SINGLE__standard__MARKET__HARD4__KIJUN__KIJUN 170 -175.35 eligible False
28 ICHI_PULLBACK__SINGLE__standard__MARKET__BE2_TRAIL__KIJUN__KIJUN 237 -1641.21 eligible False
29 ICHI_PULLBACK__SINGLE__standard__SIGNAL_BREAKOUT__CLOSE_TRAIL__KIJUN__KIJUN 297 -507.39 eligible False
30 ICHI_PULLBACK__SINGLE__standard__SIGNAL_BREAKOUT__HARD3__KIJUN__KIJUN 162 -386.08 eligible False
31 ICHI_PULLBACK__SINGLE__standard__SIGNAL_BREAKOUT__HARD4__KIJUN__KIJUN 129 480.18 eligible True
32 ICHI_PULLBACK__SINGLE__standard__SIGNAL_BREAKOUT__BE2_TRAIL__KIJUN__KIJUN 178 389.92 eligible True
33 ICHI_PULLBACK__SINGLE__crypto__MARKET__CLOSE_TRAIL__KIJUN__KIJUN 219 -1533.65 eligible False
34 ICHI_PULLBACK__SINGLE__crypto__MARKET__HARD3__KIJUN__KIJUN 95 -531.78 eligible False
35 ICHI_PULLBACK__SINGLE__crypto__MARKET__HARD4__KIJUN__KIJUN 68 -521.79 eligible False
36 ICHI_PULLBACK__SINGLE__crypto__MARKET__BE2_TRAIL__KIJUN__KIJUN 149 -892.71 eligible False
37 ICHI_PULLBACK__SINGLE__crypto__SIGNAL_BREAKOUT__CLOSE_TRAIL__KIJUN__KIJUN 194 -839.07 eligible False
38 ICHI_PULLBACK__SINGLE__crypto__SIGNAL_BREAKOUT__HARD3__KIJUN__KIJUN 94 -650.95 eligible False
39 ICHI_PULLBACK__SINGLE__crypto__SIGNAL_BREAKOUT__HARD4__KIJUN__KIJUN 61 -417.5 eligible False
40 ICHI_PULLBACK__SINGLE__crypto__SIGNAL_BREAKOUT__BE2_TRAIL__KIJUN__KIJUN 122 -786.24 eligible False
41 ICHI_PULLBACK__MTF__standard__MARKET__CLOSE_TRAIL__KIJUN__KIJUN 461 -1525.17 eligible False
42 ICHI_PULLBACK__MTF__standard__MARKET__HARD3__KIJUN__KIJUN 363 -1099.05 eligible False
43 ICHI_PULLBACK__MTF__standard__MARKET__HARD4__KIJUN__KIJUN 327 -181.75 eligible False
44 ICHI_PULLBACK__MTF__standard__MARKET__BE2_TRAIL__KIJUN__KIJUN 361 -1160.06 eligible False
45 ICHI_PULLBACK__MTF__standard__SIGNAL_BREAKOUT__CLOSE_TRAIL__KIJUN__KIJUN 478 -930.83 eligible False
46 ICHI_PULLBACK__MTF__standard__SIGNAL_BREAKOUT__HARD3__KIJUN__KIJUN 346 -757.97 eligible False
47 ICHI_PULLBACK__MTF__standard__SIGNAL_BREAKOUT__HARD4__KIJUN__KIJUN 301 -884.06 eligible False
48 ICHI_PULLBACK__MTF__standard__SIGNAL_BREAKOUT__BE2_TRAIL__KIJUN__KIJUN 370 -1888.98 eligible False
49 ICHI_PULLBACK__MTF__crypto__MARKET__CLOSE_TRAIL__KIJUN__KIJUN 377 -2259.68 eligible False
50 ICHI_PULLBACK__MTF__crypto__MARKET__HARD3__KIJUN__KIJUN 224 -1211.04 eligible False
51 ICHI_PULLBACK__MTF__crypto__MARKET__HARD4__KIJUN__KIJUN 192 -522.37 eligible False
52 ICHI_PULLBACK__MTF__crypto__MARKET__BE2_TRAIL__KIJUN__KIJUN 284 -1513.34 eligible False
53 ICHI_PULLBACK__MTF__crypto__SIGNAL_BREAKOUT__CLOSE_TRAIL__KIJUN__KIJUN 375 -1290.11 eligible False
54 ICHI_PULLBACK__MTF__crypto__SIGNAL_BREAKOUT__HARD3__KIJUN__KIJUN 207 -207.55 eligible False
55 ICHI_PULLBACK__MTF__crypto__SIGNAL_BREAKOUT__HARD4__KIJUN__KIJUN 181 -390.3 eligible False
56 ICHI_PULLBACK__MTF__crypto__SIGNAL_BREAKOUT__BE2_TRAIL__KIJUN__KIJUN 264 -104.02 eligible False
57 EMA_PULLBACK__SINGLE__crypto__SIGNAL_BREAKOUT__PARTIAL15__SIGNAL_BAR__EMA20__H20 281 199.58 eligible False
58 EMA_PULLBACK__SINGLE__standard__SIGNAL_BREAKOUT__PARTIAL15__SIGNAL_BAR__KIJUN__H20 268 306.09 eligible False
59 EMA_PULLBACK__SINGLE__crypto__SIGNAL_BREAKOUT__PARTIAL15__SIGNAL_BAR__KIJUN__H20 231 106.61 eligible False
60 EMA_PULLBACK__SINGLE__crypto__SIGNAL_BREAKOUT__BE2_TRAIL__SIGNAL_BAR__EMA20__H20 240 -235.35 eligible False
61 EMA_PULLBACK__SINGLE__standard__SIGNAL_BREAKOUT__BE2_TRAIL__SIGNAL_BAR__KIJUN__H20 233 -442.57 eligible False
62 EMA_PULLBACK__SINGLE__crypto__SIGNAL_BREAKOUT__BE2_TRAIL__SIGNAL_BAR__KIJUN__H20 203 -906.44 eligible False
63 EMA_PULLBACK__SINGLE__crypto__SIGNAL_BREAKOUT__PARTIAL15__SIGNAL_BAR__EMA20__H21 225 -154.36 eligible False
64 EMA_PULLBACK__SINGLE__standard__SIGNAL_BREAKOUT__PARTIAL15__SIGNAL_BAR__KIJUN__H21 223 -115.76 eligible False
65 EMA_PULLBACK__SINGLE__crypto__SIGNAL_BREAKOUT__PARTIAL15__SIGNAL_BAR__KIJUN__H21 198 -75.89 eligible False
66 EMA_PULLBACK__SINGLE__crypto__SIGNAL_BREAKOUT__BE2_TRAIL__SIGNAL_BAR__EMA20__H21 206 -74.14 eligible False
67 EMA_PULLBACK__SINGLE__standard__SIGNAL_BREAKOUT__BE2_TRAIL__SIGNAL_BAR__KIJUN__H21 205 -140.83 eligible False
68 EMA_PULLBACK__SINGLE__crypto__SIGNAL_BREAKOUT__BE2_TRAIL__SIGNAL_BAR__KIJUN__H21 181 -370.05 eligible False
69 EMA_PULLBACK__MTF__crypto__SIGNAL_BREAKOUT__PARTIAL15__SIGNAL_BAR__EMA20__H20 499 -2115.05 eligible False
70 EMA_PULLBACK__MTF__standard__SIGNAL_BREAKOUT__PARTIAL15__SIGNAL_BAR__KIJUN__H20 485 -2251.73 eligible False
71 EMA_PULLBACK__MTF__crypto__SIGNAL_BREAKOUT__PARTIAL15__SIGNAL_BAR__KIJUN__H20 439 -1790.78 eligible False
72 EMA_PULLBACK__MTF__crypto__SIGNAL_BREAKOUT__BE2_TRAIL__SIGNAL_BAR__EMA20__H20 441 -1352.65 eligible False
73 EMA_PULLBACK__MTF__standard__SIGNAL_BREAKOUT__BE2_TRAIL__SIGNAL_BAR__KIJUN__H20 430 -1766.11 eligible False
74 EMA_PULLBACK__MTF__crypto__SIGNAL_BREAKOUT__BE2_TRAIL__SIGNAL_BAR__KIJUN__H20 390 -1856.35 eligible False
75 EMA_PULLBACK__MTF__crypto__SIGNAL_BREAKOUT__PARTIAL15__SIGNAL_BAR__EMA20__H21 404 -1483.21 eligible False
76 EMA_PULLBACK__MTF__standard__SIGNAL_BREAKOUT__PARTIAL15__SIGNAL_BAR__KIJUN__H21 396 -1449.42 eligible False
77 EMA_PULLBACK__MTF__crypto__SIGNAL_BREAKOUT__PARTIAL15__SIGNAL_BAR__KIJUN__H21 371 -1474.69 eligible False
78 EMA_PULLBACK__MTF__crypto__SIGNAL_BREAKOUT__BE2_TRAIL__SIGNAL_BAR__EMA20__H21 368 -1465.22 eligible False
79 EMA_PULLBACK__MTF__standard__SIGNAL_BREAKOUT__BE2_TRAIL__SIGNAL_BAR__KIJUN__H21 363 -1670.06 eligible False
80 EMA_PULLBACK__MTF__crypto__SIGNAL_BREAKOUT__BE2_TRAIL__SIGNAL_BAR__KIJUN__H21 336 -1518.41 eligible False
81 DONCHIAN__SINGLE__standard__MARKET__CLOSE_TRAIL__KIJUN__KIJUN__N10 311 2121.46 eligible False
82 DONCHIAN__SINGLE__standard__MARKET__STOP_TRAIL__KIJUN__DONCHIAN10__N10 328 2524.11 eligible True
83 DONCHIAN__SINGLE__standard__MARKET__CLOSE_TRAIL__ATR2__KIJUN__N10 353 1318.12 eligible False
84 DONCHIAN__SINGLE__standard__MARKET__STOP_TRAIL__ATR2__DONCHIAN10__N10 358 1482.65 eligible True
85 DONCHIAN__SINGLE__standard__MARKET__CLOSE_TRAIL__KIJUN__KIJUN__N20 274 2484.47 eligible False
86 DONCHIAN__SINGLE__standard__MARKET__STOP_TRAIL__KIJUN__DONCHIAN10__N20 288 2984.14 eligible True
87 DONCHIAN__SINGLE__standard__MARKET__CLOSE_TRAIL__ATR2__KIJUN__N20 278 2075.29 eligible True
88 DONCHIAN__SINGLE__standard__MARKET__STOP_TRAIL__ATR2__DONCHIAN10__N20 294 2197.77 eligible True
89 DONCHIAN__SINGLE__crypto__MARKET__CLOSE_TRAIL__KIJUN__KIJUN__N10 222 720.03 eligible False
90 DONCHIAN__SINGLE__crypto__MARKET__STOP_TRAIL__KIJUN__DONCHIAN10__N10 307 961.05 eligible True
91 DONCHIAN__SINGLE__crypto__MARKET__CLOSE_TRAIL__ATR2__KIJUN__N10 261 1934.39 eligible False
92 DONCHIAN__SINGLE__crypto__MARKET__STOP_TRAIL__ATR2__DONCHIAN10__N10 329 1342.95 eligible True
93 DONCHIAN__SINGLE__crypto__MARKET__CLOSE_TRAIL__KIJUN__KIJUN__N20 189 1674.82 eligible True
94 DONCHIAN__SINGLE__crypto__MARKET__STOP_TRAIL__KIJUN__DONCHIAN10__N20 250 1867.26 eligible True
95 DONCHIAN__SINGLE__crypto__MARKET__CLOSE_TRAIL__ATR2__KIJUN__N20 204 2640.7 eligible True
96 DONCHIAN__SINGLE__crypto__MARKET__STOP_TRAIL__ATR2__DONCHIAN10__N20 256 2413.41 eligible True
97 DONCHIAN__MTF__standard__MARKET__CLOSE_TRAIL__KIJUN__KIJUN__N10 452 1379.65 eligible False
98 DONCHIAN__MTF__standard__MARKET__STOP_TRAIL__KIJUN__DONCHIAN10__N10 468 1468.07 eligible False
99 DONCHIAN__MTF__standard__MARKET__CLOSE_TRAIL__ATR2__KIJUN__N10 505 794.56 eligible False
100 DONCHIAN__MTF__standard__MARKET__STOP_TRAIL__ATR2__DONCHIAN10__N10 522 1086.63 eligible False
101 DONCHIAN__MTF__standard__MARKET__CLOSE_TRAIL__KIJUN__KIJUN__N20 396 1167.18 eligible False
102 DONCHIAN__MTF__standard__MARKET__STOP_TRAIL__KIJUN__DONCHIAN10__N20 409 1195.46 eligible False
103 DONCHIAN__MTF__standard__MARKET__CLOSE_TRAIL__ATR2__KIJUN__N20 405 1028.37 eligible False
104 DONCHIAN__MTF__standard__MARKET__STOP_TRAIL__ATR2__DONCHIAN10__N20 419 1148.02 eligible False
105 DONCHIAN__MTF__crypto__MARKET__CLOSE_TRAIL__KIJUN__KIJUN__N10 353 1015.15 eligible True
106 DONCHIAN__MTF__crypto__MARKET__STOP_TRAIL__KIJUN__DONCHIAN10__N10 437 614.44 eligible False
107 DONCHIAN__MTF__crypto__MARKET__CLOSE_TRAIL__ATR2__KIJUN__N10 383 1542.3 eligible True
108 DONCHIAN__MTF__crypto__MARKET__STOP_TRAIL__ATR2__DONCHIAN10__N10 475 1012.27 eligible False
109 DONCHIAN__MTF__crypto__MARKET__CLOSE_TRAIL__KIJUN__KIJUN__N20 280 1631.24 eligible True
110 DONCHIAN__MTF__crypto__MARKET__STOP_TRAIL__KIJUN__DONCHIAN10__N20 350 1013.88 eligible False
111 DONCHIAN__MTF__crypto__MARKET__CLOSE_TRAIL__ATR2__KIJUN__N20 292 2129.3 eligible True
112 DONCHIAN__MTF__crypto__MARKET__STOP_TRAIL__ATR2__DONCHIAN10__N20 364 1251.56 eligible False
ELIGIBLE 17 WINNER {'id': 'DONCHIAN__SINGLE__standard__MARKET__STOP_TRAIL__KIJUN__DONCHIAN10__N20', 'family': 'DONCHIAN', 'mode': 'SINGLE', 'setting': 'standard', 'entry': 'MARKET', 'exit': 'STOP_TRAIL', 'stop': 'KIJUN', 'trail': 'DONCHIAN10', 'h2': False, 'lookback': 20, 'full': {'trades': 288, 'long_trades': 157, 'short_trades': 131, 'win_rate_pct': 33.33333333333333, 'avg_win': 112.82085278266266, 'avg_loss': -40.868034815768375, 'fees': 723.9235432844712, 'funding_pnl': -169.28950119956934, 'gross_pnl': 3877.3522269921286, 'net_profit': 2984.1391825081064, 'profit_factor': 1.3803068007949855, 'max_dd_pct': 7.0967756723392315, 'return_pct': 29.841391825081075, 'final_equity': 12984.139182508106, 'setups': 288, 'cancelled': 0, 'min_stop_rejections': 14, 'missing_funding_proxy_events': 1}, 'train': {'trades': 180, 'long_trades': 98, 'short_trades': 82, 'win_rate_pct': 36.11111111111111, 'avg_win': 112.55358369514822, 'avg_loss': -39.4965866630551, 'fees': 406.41529355296086, 'funding_pnl': -164.39348828985706, 'gross_pnl': 3344.684255776116, 'net_profit': 2773.875473933311, 'profit_factor': 1.6107022994378015, 'max_dd_pct': 5.803622801237405, 'return_pct': 27.738754739333103, 'final_equity': 12773.87547393331, 'setups': 180, 'cancelled': 0, 'min_stop_rejections': 9, 'missing_funding_proxy_events': 0}, 'oos': {'trades': 108, 'long_trades': 59, 'short_trades': 49, 'win_rate_pct': 28.703703703703702, 'avg_win': 88.7017245061821, 'avg_loss': -33.58351190262792, 'fees': 248.483593556652, 'funding_pnl': -3.843378776063404, 'gross_pnl': 416.15001552201034, 'net_profit': 163.82304318928254, 'profit_factor': 1.063351682684052, 'max_dd_pct': 7.087024587533039, 'return_pct': 1.638230431892822, 'final_equity': 10163.823043189283, 'setups': 108, 'cancelled': 0, 'min_stop_rejections': 5, 'missing_funding_proxy_events': 1}, 'eligible': True}
